2025-10-14 08:27:03,459 - INFO - Data successfully backed up to backups\msms_backup_2025-10-14_08-27-03.json
2025-10-14 08:42:38,398 - INFO - Data successfully backed up to backups\msms_backup_2025-10-14_08-42-38.json
2025-10-14 08:43:16,377 - INFO - Data successfully backed up to backups\msms_backup_2025-10-14_08-43-16.json
2025-10-14 08:43:16,377 - INFO - Data successfully backed up to backups\msms_backup_2025-10-14_08-43-16.json
2025-10-14 08:54:03,674 - INFO - Password set for student:1
2025-10-14 09:12:06,664 - INFO - Password set for teacher:1
2025-10-14 09:15:16,570 - INFO - Payment recorded | student_id=1 amount=0.01 method=Cash timestamp=2025-10-14T09:15:16
2025-10-14 09:52:03,614 - INFO - Data successfully backed up to backups\msms_backup_2025-10-14_09-52-03.json
2025-10-14 15:13:35,040 - INFO - Data successfully backed up to backups\msms_backup_2025-10-14_15-13-35.json
2025-10-14 16:04:14,803 - INFO - Data successfully backed up to backups\msms_backup_2025-10-14_16-04-14.json
2025-10-14 16:04:55,397 - INFO - Payment recorded | student_id=1 amount=150000.00 method=Cash timestamp=2025-10-14T16:04:55
2025-10-14 16:22:17,389 - INFO - Data successfully backed up to backups\msms_backup_2025-10-14_16-22-17.json
2025-10-14 16:31:32,019 - INFO - Data successfully backed up to backups\msms_backup_2025-10-14_16-31-32.json
2025-10-14 16:32:21,764 - INFO - Data successfully backed up to backups\msms_backup_2025-10-14_16-32-21.json
2025-10-14 16:36:15,436 - INFO - Data successfully backed up to backups\msms_backup_2025-10-14_16-36-15.json
2025-10-14 16:36:35,446 - INFO - Data successfully backed up to backups\msms_backup_2025-10-14_16-36-35.json
2025-10-14 19:12:33,335 - INFO - Data successfully backed up to backups\msms_backup_2025-10-14_19-12-33.json
2025-10-14 19:39:38,590 - INFO - Payment recorded | student_id=2 amount=1000.00 method=E-Wallet timestamp=2025-10-14T19:39:38
2025-10-14 19:46:06,398 - INFO - Data successfully backed up to backups\msms_backup_2025-10-14_19-46-06.json
2025-10-14 19:57:31,670 - INFO - Data successfully backed up to backups\msms_backup_2025-10-14_19-57-31.json
2025-10-14 20:02:00,303 - INFO - Data successfully backed up to backups\msms_backup_2025-10-14_20-02-00.json
2025-10-14 20:02:00,740 - INFO - Data successfully backed up to backups\msms_backup_2025-10-14_20-02-00.json
2025-10-15 04:04:13,105 - INFO - Data successfully backed up to backups\msms_backup_2025-10-15_04-04-13.json
2025-10-19 13:55:05,877 - INFO - Data successfully backed up to backups\msms_backup_2025-10-19_13-55-05.json
2025-10-19 13:55:52,087 - INFO - Data successfully backed up to backups\msms_backup_2025-10-19_13-55-52.json
2025-10-19 14:42:02,566 - INFO - Password set for student:2
2025-10-19 14:45:25,342 - INFO - Password set for student:3
2025-10-19 14:48:43,350 - INFO - Data successfully backed up to backups\msms_backup_2025-10-19_14-48-43.json
2025-10-19 14:51:13,092 - INFO - Data successfully backed up to backups\msms_backup_2025-10-19_14-51-13.json
2025-10-19 15:13:43,498 - WARNING - Lesson cancelled | course_id=101 lesson_id=3 reason=ban cancelled_at=2025-10-19T15:13:43
2025-10-19 15:14:23,724 - WARNING - Lesson cancelled | course_id=101 lesson_id=1 reason=good cancelled_at=2025-10-19T15:14:23
2025-10-19 15:39:35,909 - INFO - Data successfully backed up to backups\msms_backup_2025-10-19_15-39-35.json
2025-10-19 15:47:43,096 - INFO - Data successfully backed up to backups\msms_backup_2025-10-19_15-47-43.json
2025-10-19 15:47:58,069 - INFO - Data successfully backed up to backups\msms_backup_2025-10-19_15-47-58.json
2025-10-19 15:48:40,863 - INFO - Data successfully backed up to backups\msms_backup_2025-10-19_15-48-40.json
2025-10-19 15:49:54,942 - INFO - Data successfully backed up to backups\msms_backup_2025-10-19_15-49-54.json
2025-10-19 15:52:41,262 - INFO - Data successfully backed up to backups\msms_backup_2025-10-19_15-52-41.json
2025-10-19 15:52:59,746 - INFO - Data successfully backed up to backups\msms_backup_2025-10-19_15-52-59.json
2025-10-19 15:53:20,476 - INFO - Data successfully backed up to backups\msms_backup_2025-10-19_15-53-20.json
2025-10-19 15:56:22,081 - INFO - Data successfully backed up to backups\msms_backup_2025-10-19_15-56-22.json
2025-10-19 16:01:54,559 - INFO - Data successfully backed up to backups\msms_backup_2025-10-19_16-01-54.json
2025-10-19 16:02:18,820 - INFO - Data successfully backed up to backups\msms_backup_2025-10-19_16-02-18.json
2025-10-19 16:02:41,389 - INFO - Data successfully backed up to backups\msms_backup_2025-10-19_16-02-41.json
2025-10-19 16:02:57,863 - INFO - Data successfully backed up to backups\msms_backup_2025-10-19_16-02-57.json
2025-10-19 16:06:15,353 - INFO - Data successfully backed up to backups\msms_backup_2025-10-19_16-06-15.json
2025-10-19 16:06:21,860 - INFO - Data successfully backed up to backups\msms_backup_2025-10-19_16-06-21.json
2025-10-19 16:06:28,511 - INFO - Data successfully backed up to backups\msms_backup_2025-10-19_16-06-28.json
2025-10-19 16:07:47,786 - INFO - Data successfully backed up to backups\msms_backup_2025-10-19_16-07-47.json
2025-10-19 16:23:40,049 - INFO - Data successfully backed up to backups\msms_backup_2025-10-19_16-23-40.json
2025-10-19 16:27:21,600 - INFO - Data successfully backed up to backups\msms_backup_2025-10-19_16-27-21.json
2025-10-19 16:27:31,095 - INFO - Data successfully backed up to backups\msms_backup_2025-10-19_16-27-31.json
2025-10-19 16:29:27,065 - INFO - Data successfully backed up to backups\msms_backup_2025-10-19_16-29-27.json
2025-10-19 16:29:47,641 - INFO - Data successfully backed up to backups\msms_backup_2025-10-19_16-29-47.json
2025-10-19 16:38:04,745 - INFO - Data successfully backed up to backups\msms_backup_2025-10-19_16-38-04.json
2025-10-19 16:40:44,362 - INFO - Data successfully backed up to backups\msms_backup_2025-10-19_16-40-44.json
2025-10-19 16:50:37,552 - INFO - Data successfully backed up to backups\msms_backup_2025-10-19_16-50-37.json
2025-10-19 16:57:48,701 - INFO - Data successfully backed up to backups\msms_backup_2025-10-19_16-57-48.json
2025-10-19 17:23:37,864 - INFO - Data successfully backed up to backups\msms_backup_2025-10-19_17-23-37.json
2025-10-19 17:43:31,223 - INFO - Data successfully backed up to backups\msms_backup_2025-10-19_17-43-31.json
2025-10-19 17:46:17,690 - INFO - Payment recorded | student_id=1 amount=80000.00 method=Cash timestamp=2025-10-19T17:46:17
2025-10-19 17:46:39,998 - INFO - Payment recorded | student_id=4 amount=20.00 method=Credit Card timestamp=2025-10-19T17:46:39
2025-10-19 17:47:00,122 - INFO - Payment recorded | student_id=3 amount=10.00 method=Credit Card timestamp=2025-10-19T17:47:00
2025-10-19 18:08:28,221 - INFO - Data successfully backed up to backups\msms_backup_2025-10-19_18-08-28.json
2025-10-19 18:19:53,563 - INFO - Data successfully backed up to backups\msms_backup_2025-10-19_18-19-53.json
2025-10-19 18:20:25,011 - WARNING - Lesson cancelled | course_id=104 lesson_id=6 reason=Cancelled via UI cancelled_at=2025-10-19T18:20:25
2025-10-19 18:21:13,155 - INFO - Data successfully backed up to backups\msms_backup_2025-10-19_18-21-13.json
2025-10-19 18:21:32,332 - WARNING - Lesson cancelled | course_id=101 lesson_id=1 reason=Cancelled via UI cancelled_at=2025-10-19T18:21:32
2025-10-19 18:22:27,469 - WARNING - Lesson cancelled | course_id=104 lesson_id=6 reason=Cancelled via UI cancelled_at=2025-10-19T18:22:27
2025-10-19 18:22:30,486 - WARNING - Lesson cancelled | course_id=104 lesson_id=6 reason=Cancelled via UI cancelled_at=2025-10-19T18:22:30
2025-10-19 18:22:31,014 - WARNING - Lesson cancelled | course_id=104 lesson_id=6 reason=Cancelled via UI cancelled_at=2025-10-19T18:22:31
2025-10-19 18:22:31,344 - WARNING - Lesson cancelled | course_id=104 lesson_id=6 reason=Cancelled via UI cancelled_at=2025-10-19T18:22:31
2025-10-19 18:22:32,390 - WARNING - Lesson cancelled | course_id=104 lesson_id=6 reason=Cancelled via UI cancelled_at=2025-10-19T18:22:32
2025-10-19 18:22:33,936 - WARNING - Lesson cancelled | course_id=104 lesson_id=6 reason=Cancelled via UI cancelled_at=2025-10-19T18:22:33
2025-10-19 18:22:48,173 - WARNING - Lesson cancelled | course_id=104 lesson_id=6 reason=Cancelled via UI cancelled_at=2025-10-19T18:22:48
2025-10-19 18:22:49,543 - WARNING - Lesson cancelled | course_id=104 lesson_id=6 reason=Cancelled via UI cancelled_at=2025-10-19T18:22:49
2025-10-19 18:22:50,041 - WARNING - Lesson cancelled | course_id=104 lesson_id=6 reason=Cancelled via UI cancelled_at=2025-10-19T18:22:50
2025-10-19 18:22:51,211 - WARNING - Lesson cancelled | course_id=104 lesson_id=6 reason=Cancelled via UI cancelled_at=2025-10-19T18:22:51
2025-10-19 18:23:04,422 - WARNING - Lesson cancelled | course_id=104 lesson_id=6 reason=333 cancelled_at=2025-10-19T18:23:04
2025-10-19 18:23:33,323 - WARNING - Lesson cancelled | course_id=104 lesson_id=6 reason=333 cancelled_at=2025-10-19T18:23:33
2025-10-19 18:25:45,921 - WARNING - Lesson cancelled | course_id=104 lesson_id=6 reason=Cancelled via UI cancelled_at=2025-10-19T18:25:45
2025-10-19 18:26:05,697 - WARNING - Lesson cancelled | course_id=104 lesson_id=6 reason=Cancelled via UI cancelled_at=2025-10-19T18:26:05
2025-10-19 18:26:14,902 - INFO - Data successfully backed up to backups\msms_backup_2025-10-19_18-26-14.json
2025-10-19 18:29:45,784 - WARNING - Lesson cancelled | course_id=104 lesson_id=6 reason=Cancelled via UI cancelled_at=2025-10-19T18:29:45
2025-10-19 18:29:56,190 - WARNING - Lesson cancelled | course_id=101 lesson_id=4 reason=Cancelled via UI cancelled_at=2025-10-19T18:29:56
2025-10-19 18:30:02,088 - WARNING - Lesson cancelled | course_id=101 lesson_id=4 reason=Cancelled via UI cancelled_at=2025-10-19T18:30:02
2025-10-19 23:39:28,702 - INFO - Data successfully backed up to backups\msms_backup_2025-10-19_23-39-28.json
